Paria sits at table 1
Bob sits at table 1
Table ID: 1
People at the table: Bob, Paria
Table remaining capacity: 2
Waiting queue length: 0