Paria sits at table 3
Amir Hossein sits at table 3
Mehrad enters the waiting queue of table 3
Bob enters the waiting queue of table 3
Paria exits!
Table ID: 3
People at the table: Amir Hossein, Bob
Table remaining capacity: 0
Waiting queue length: 1