bob has done 0 tasks.
bob is currently working on these tasks:
1. task1
