1+\frac{2+\frac{4+\frac{8+\frac{16+\frac{32+\frac{64+\frac{128+\frac{256+\frac{512+\frac{1024+\frac{2048}{2049}}{1025+\frac{2050}{2051}}}{513+\frac{1026+\frac{2052}{2053}}{1027+\frac{2054}{2055}}}}{257+\frac{514+\frac{1028+\frac{2056}{2057}}{1029+\frac{2058}{2059}}}{515+\frac{1030+\frac{2060}{2061}}{1031+\frac{2062}{2063}}}}}{129+\frac{258+\frac{516+\frac{1032+\frac{2064}{2065}}{1033+\frac{2066}{2067}}}{517+\frac{1034+\frac{2068}{2069}}{1035+\frac{2070}{2071}}}}{259+\frac{518+\frac{1036+\frac{2072}{2073}}{1037+\frac{2074}{2075}}}{519+\frac{1038+\frac{2076}{2077}}{1039+\frac{2078}{2079}}}}}}{65+\frac{130+\frac{260+\frac{520+\frac{1040+\frac{2080}{2081}}{1041+\frac{2082}{2083}}}{521+\frac{1042+\frac{2084}{2085}}{1043+\frac{2086}{2087}}}}{261+\frac{522+\frac{1044+\frac{2088}{2089}}{1045+\frac{2090}{2091}}}{523+\frac{1046+\frac{2092}{2093}}{1047+\frac{2094}{2095}}}}}{131+\frac{262+\frac{524+\frac{1048+\frac{2096}{2097}}{1049+\frac{2098}{2099}}}{525+\frac{1050+\frac{2100}{2101}}{1051+\frac{2102}{2103}}}}{263+\frac{526+\frac{1052+\frac{2104}{2105}}{1053+\frac{2106}{2107}}}{527+\frac{1054+\frac{2108}{2109}}{1055+\frac{2110}{2111}}}}}}}{33+\frac{66+\frac{132+\frac{264+\frac{528+\frac{1056+\frac{2112}{2113}}{1057+\frac{2114}{2115}}}{529+\frac{1058+\frac{2116}{2117}}{1059+\frac{2118}{2119}}}}{265+\frac{530+\frac{1060+\frac{2120}{2121}}{1061+\frac{2122}{2123}}}{531+\frac{1062+\frac{2124}{2125}}{1063+\frac{2126}{2127}}}}}{133+\frac{266+\frac{532+\frac{1064+\frac{2128}{2129}}{1065+\frac{2130}{2131}}}{533+\frac{1066+\frac{2132}{2133}}{1067+\frac{2134}{2135}}}}{267+\frac{534+\frac{1068+\frac{2136}{2137}}{1069+\frac{2138}{2139}}}{535+\frac{1070+\frac{2140}{2141}}{1071+\frac{2142}{2143}}}}}}{67+\frac{134+\frac{268+\frac{536+\frac{1072+\frac{2144}{2145}}{1073+\frac{2146}{2147}}}{537+\frac{1074+\frac{2148}{2149}}{1075+\frac{2150}{2151}}}}{269+\frac{538+\frac{1076+\frac{2152}{2153}}{1077+\frac{2154}{2155}}}{539+\frac{1078+\frac{2156}{2157}}{1079+\frac{2158}{2159}}}}}{135+\frac{270+\frac{540+\frac{1080+\frac{2160}{2161}}{1081+\frac{2162}{2163}}}{541+\frac{1082+\frac{2164}{2165}}{1083+\frac{2166}{2167}}}}{271+\frac{542+\frac{1084+\frac{2168}{2169}}{1085+\frac{2170}{2171}}}{543+\frac{1086+\frac{2172}{2173}}{1087+\frac{2174}{2175}}}}}}}}{17+\frac{34+\frac{68+\frac{136+\frac{272+\frac{544+\frac{1088+\frac{2176}{2177}}{1089+\frac{2178}{2179}}}{545+\frac{1090+\frac{2180}{2181}}{1091+\frac{2182}{2183}}}}{273+\frac{546+\frac{1092+\frac{2184}{2185}}{1093+\frac{2186}{2187}}}{547+\frac{1094+\frac{2188}{2189}}{1095+\frac{2190}{2191}}}}}{137+\frac{274+\frac{548+\frac{1096+\frac{2192}{2193}}{1097+\frac{2194}{2195}}}{549+\frac{1098+\frac{2196}{2197}}{1099+\frac{2198}{2199}}}}{275+\frac{550+\frac{1100+\frac{2200}{2201}}{1101+\frac{2202}{2203}}}{551+\frac{1102+\frac{2204}{2205}}{1103+\frac{2206}{2207}}}}}}{69+\frac{138+\frac{276+\frac{552+\frac{1104+\frac{2208}{2209}}{1105+\frac{2210}{2211}}}{553+\frac{1106+\frac{2212}{2213}}{1107+\frac{2214}{2215}}}}{277+\frac{554+\frac{1108+\frac{2216}{2217}}{1109+\frac{2218}{2219}}}{555+\frac{1110+\frac{2220}{2221}}{1111+\frac{2222}{2223}}}}}{139+\frac{278+\frac{556+\frac{1112+\frac{2224}{2225}}{1113+\frac{2226}{2227}}}{557+\frac{1114+\frac{2228}{2229}}{1115+\frac{2230}{2231}}}}{279+\frac{558+\frac{1116+\frac{2232}{2233}}{1117+\frac{2234}{2235}}}{559+\frac{1118+\frac{2236}{2237}}{1119+\frac{2238}{2239}}}}}}}{35+\frac{70+\frac{140+\frac{280+\frac{560+\frac{1120+\frac{2240}{2241}}{1121+\frac{2242}{2243}}}{561+\frac{1122+\frac{2244}{2245}}{1123+\frac{2246}{2247}}}}{281+\frac{562+\frac{1124+\frac{2248}{2249}}{1125+\frac{2250}{2251}}}{563+\frac{1126+\frac{2252}{2253}}{1127+\frac{2254}{2255}}}}}{141+\frac{282+\frac{564+\frac{1128+\frac{2256}{2257}}{1129+\frac{2258}{2259}}}{565+\frac{1130+\frac{2260}{2261}}{1131+\frac{2262}{2263}}}}{283+\frac{566+\frac{1132+\frac{2264}{2265}}{1133+\frac{2266}{2267}}}{567+\frac{1134+\frac{2268}{2269}}{1135+\frac{2270}{2271}}}}}}{71+\frac{142+\frac{284+\frac{568+\frac{1136+\frac{2272}{2273}}{1137+\frac{2274}{2275}}}{569+\frac{1138+\frac{2276}{2277}}{1139+\frac{2278}{2279}}}}{285+\frac{570+\frac{1140+\frac{2280}{2281}}{1141+\frac{2282}{2283}}}{571+\frac{1142+\frac{2284}{2285}}{1143+\frac{2286}{2287}}}}}{143+\frac{286+\frac{572+\frac{1144+\frac{2288}{2289}}{1145+\frac{2290}{2291}}}{573+\frac{1146+\frac{2292}{2293}}{1147+\frac{2294}{2295}}}}{287+\frac{574+\frac{1148+\frac{2296}{2297}}{1149+\frac{2298}{2299}}}{575+\frac{1150+\frac{2300}{2301}}{1151+\frac{2302}{2303}}}}}}}}}{9+\frac{18+\frac{36+\frac{72+\frac{144+\frac{288+\frac{576+\frac{1152+\frac{2304}{2305}}{1153+\frac{2306}{2307}}}{577+\frac{1154+\frac{2308}{2309}}{1155+\frac{2310}{2311}}}}{289+\frac{578+\frac{1156+\frac{2312}{2313}}{1157+\frac{2314}{2315}}}{579+\frac{1158+\frac{2316}{2317}}{1159+\frac{2318}{2319}}}}}{145+\frac{290+\frac{580+\frac{1160+\frac{2320}{2321}}{1161+\frac{2322}{2323}}}{581+\frac{1162+\frac{2324}{2325}}{1163+\frac{2326}{2327}}}}{291+\frac{582+\frac{1164+\frac{2328}{2329}}{1165+\frac{2330}{2331}}}{583+\frac{1166+\frac{2332}{2333}}{1167+\frac{2334}{2335}}}}}}{73+\frac{146+\frac{292+\frac{584+\frac{1168+\frac{2336}{2337}}{1169+\frac{2338}{2339}}}{585+\frac{1170+\frac{2340}{2341}}{1171+\frac{2342}{2343}}}}{293+\frac{586+\frac{1172+\frac{2344}{2345}}{1173+\frac{2346}{2347}}}{587+\frac{1174+\frac{2348}{2349}}{1175+\frac{2350}{2351}}}}}{147+\frac{294+\frac{588+\frac{1176+\frac{2352}{2353}}{1177+\frac{2354}{2355}}}{589+\frac{1178+\frac{2356}{2357}}{1179+\frac{2358}{2359}}}}{295+\frac{590+\frac{1180+\frac{2360}{2361}}{1181+\frac{2362}{2363}}}{591+\frac{1182+\frac{2364}{2365}}{1183+\frac{2366}{2367}}}}}}}{37+\frac{74+\frac{148+\frac{296+\frac{592+\frac{1184+\frac{2368}{2369}}{1185+\frac{2370}{2371}}}{593+\frac{1186+\frac{2372}{2373}}{1187+\frac{2374}{2375}}}}{297+\frac{594+\frac{1188+\frac{2376}{2377}}{1189+\frac{2378}{2379}}}{595+\frac{1190+\frac{2380}{2381}}{1191+\frac{2382}{2383}}}}}{149+\frac{298+\frac{596+\frac{1192+\frac{2384}{2385}}{1193+\frac{2386}{2387}}}{597+\frac{1194+\frac{2388}{2389}}{1195+\frac{2390}{2391}}}}{299+\frac{598+\frac{1196+\frac{2392}{2393}}{1197+\frac{2394}{2395}}}{599+\frac{1198+\frac{2396}{2397}}{1199+\frac{2398}{2399}}}}}}{75+\frac{150+\frac{300+\frac{600+\frac{1200+\frac{2400}{2401}}{1201+\frac{2402}{2403}}}{601+\frac{1202+\frac{2404}{2405}}{1203+\frac{2406}{2407}}}}{301+\frac{602+\frac{1204+\frac{2408}{2409}}{1205+\frac{2410}{2411}}}{603+\frac{1206+\frac{2412}{2413}}{1207+\frac{2414}{2415}}}}}{151+\frac{302+\frac{604+\frac{1208+\frac{2416}{2417}}{1209+\frac{2418}{2419}}}{605+\frac{1210+\frac{2420}{2421}}{1211+\frac{2422}{2423}}}}{303+\frac{606+\frac{1212+\frac{2424}{2425}}{1213+\frac{2426}{2427}}}{607+\frac{1214+\frac{2428}{2429}}{1215+\frac{2430}{2431}}}}}}}}{19+\frac{38+\frac{76+\frac{152+\frac{304+\frac{608+\frac{1216+\frac{2432}{2433}}{1217+\frac{2434}{2435}}}{609+\frac{1218+\frac{2436}{2437}}{1219+\frac{2438}{2439}}}}{305+\frac{610+\frac{1220+\frac{2440}{2441}}{1221+\frac{2442}{2443}}}{611+\frac{1222+\frac{2444}{2445}}{1223+\frac{2446}{2447}}}}}{153+\frac{306+\frac{612+\frac{1224+\frac{2448}{2449}}{1225+\frac{2450}{2451}}}{613+\frac{1226+\frac{2452}{2453}}{1227+\frac{2454}{2455}}}}{307+\frac{614+\frac{1228+\frac{2456}{2457}}{1229+\frac{2458}{2459}}}{615+\frac{1230+\frac{2460}{2461}}{1231+\frac{2462}{2463}}}}}}{77+\frac{154+\frac{308+\frac{616+\frac{1232+\frac{2464}{2465}}{1233+\frac{2466}{2467}}}{617+\frac{1234+\frac{2468}{2469}}{1235+\frac{2470}{2471}}}}{309+\frac{618+\frac{1236+\frac{2472}{2473}}{1237+\frac{2474}{2475}}}{619+\frac{1238+\frac{2476}{2477}}{1239+\frac{2478}{2479}}}}}{155+\frac{310+\frac{620+\frac{1240+\frac{2480}{2481}}{1241+\frac{2482}{2483}}}{621+\frac{1242+\frac{2484}{2485}}{1243+\frac{2486}{2487}}}}{311+\frac{622+\frac{1244+\frac{2488}{2489}}{1245+\frac{2490}{2491}}}{623+\frac{1246+\frac{2492}{2493}}{1247+\frac{2494}{2495}}}}}}}{39+\frac{78+\frac{156+\frac{312+\frac{624+\frac{1248+\frac{2496}{2497}}{1249+\frac{2498}{2499}}}{625+\frac{1250+\frac{2500}{2501}}{1251+\frac{2502}{2503}}}}{313+\frac{626+\frac{1252+\frac{2504}{2505}}{1253+\frac{2506}{2507}}}{627+\frac{1254+\frac{2508}{2509}}{1255+\frac{2510}{2511}}}}}{157+\frac{314+\frac{628+\frac{1256+\frac{2512}{2513}}{1257+\frac{2514}{2515}}}{629+\frac{1258+\frac{2516}{2517}}{1259+\frac{2518}{2519}}}}{315+\frac{630+\frac{1260+\frac{2520}{2521}}{1261+\frac{2522}{2523}}}{631+\frac{1262+\frac{2524}{2525}}{1263+\frac{2526}{2527}}}}}}{79+\frac{158+\frac{316+\frac{632+\frac{1264+\frac{2528}{2529}}{1265+\frac{2530}{2531}}}{633+\frac{1266+\frac{2532}{2533}}{1267+\frac{2534}{2535}}}}{317+\frac{634+\frac{1268+\frac{2536}{2537}}{1269+\frac{2538}{2539}}}{635+\frac{1270+\frac{2540}{2541}}{1271+\frac{2542}{2543}}}}}{159+\frac{318+\frac{636+\frac{1272+\frac{2544}{2545}}{1273+\frac{2546}{2547}}}{637+\frac{1274+\frac{2548}{2549}}{1275+\frac{2550}{2551}}}}{319+\frac{638+\frac{1276+\frac{2552}{2553}}{1277+\frac{2554}{2555}}}{639+\frac{1278+\frac{2556}{2557}}{1279+\frac{2558}{2559}}}}}}}}}}{5+\frac{10+\frac{20+\frac{40+\frac{80+\frac{160+\frac{320+\frac{640+\frac{1280+\frac{2560}{2561}}{1281+\frac{2562}{2563}}}{641+\frac{1282+\frac{2564}{2565}}{1283+\frac{2566}{2567}}}}{321+\frac{642+\frac{1284+\frac{2568}{2569}}{1285+\frac{2570}{2571}}}{643+\frac{1286+\frac{2572}{2573}}{1287+\frac{2574}{2575}}}}}{161+\frac{322+\frac{644+\frac{1288+\frac{2576}{2577}}{1289+\frac{2578}{2579}}}{645+\frac{1290+\frac{2580}{2581}}{1291+\frac{2582}{2583}}}}{323+\frac{646+\frac{1292+\frac{2584}{2585}}{1293+\frac{2586}{2587}}}{647+\frac{1294+\frac{2588}{2589}}{1295+\frac{2590}{2591}}}}}}{81+\frac{162+\frac{324+\frac{648+\frac{1296+\frac{2592}{2593}}{1297+\frac{2594}{2595}}}{649+\frac{1298+\frac{2596}{2597}}{1299+\frac{2598}{2599}}}}{325+\frac{650+\frac{1300+\frac{2600}{2601}}{1301+\frac{2602}{2603}}}{651+\frac{1302+\frac{2604}{2605}}{1303+\frac{2606}{2607}}}}}{163+\frac{326+\frac{652+\frac{1304+\frac{2608}{2609}}{1305+\frac{2610}{2611}}}{653+\frac{1306+\frac{2612}{2613}}{1307+\frac{2614}{2615}}}}{327+\frac{654+\frac{1308+\frac{2616}{2617}}{1309+\frac{2618}{2619}}}{655+\frac{1310+\frac{2620}{2621}}{1311+\frac{2622}{2623}}}}}}}{41+\frac{82+\frac{164+\frac{328+\frac{656+\frac{1312+\frac{2624}{2625}}{1313+\frac{2626}{2627}}}{657+\frac{1314+\frac{2628}{2629}}{1315+\frac{2630}{2631}}}}{329+\frac{658+\frac{1316+\frac{2632}{2633}}{1317+\frac{2634}{2635}}}{659+\frac{1318+\frac{2636}{2637}}{1319+\frac{2638}{2639}}}}}{165+\frac{330+\frac{660+\frac{1320+\frac{2640}{2641}}{1321+\frac{2642}{2643}}}{661+\frac{1322+\frac{2644}{2645}}{1323+\frac{2646}{2647}}}}{331+\frac{662+\frac{1324+\frac{2648}{2649}}{1325+\frac{2650}{2651}}}{663+\frac{1326+\frac{2652}{2653}}{1327+\frac{2654}{2655}}}}}}{83+\frac{166+\frac{332+\frac{664+\frac{1328+\frac{2656}{2657}}{1329+\frac{2658}{2659}}}{665+\frac{1330+\frac{2660}{2661}}{1331+\frac{2662}{2663}}}}{333+\frac{666+\frac{1332+\frac{2664}{2665}}{1333+\frac{2666}{2667}}}{667+\frac{1334+\frac{2668}{2669}}{1335+\frac{2670}{2671}}}}}{167+\frac{334+\frac{668+\frac{1336+\frac{2672}{2673}}{1337+\frac{2674}{2675}}}{669+\frac{1338+\frac{2676}{2677}}{1339+\frac{2678}{2679}}}}{335+\frac{670+\frac{1340+\frac{2680}{2681}}{1341+\frac{2682}{2683}}}{671+\frac{1342+\frac{2684}{2685}}{1343+\frac{2686}{2687}}}}}}}}{21+\frac{42+\frac{84+\frac{168+\frac{336+\frac{672+\frac{1344+\frac{2688}{2689}}{1345+\frac{2690}{2691}}}{673+\frac{1346+\frac{2692}{2693}}{1347+\frac{2694}{2695}}}}{337+\frac{674+\frac{1348+\frac{2696}{2697}}{1349+\frac{2698}{2699}}}{675+\frac{1350+\frac{2700}{2701}}{1351+\frac{2702}{2703}}}}}{169+\frac{338+\frac{676+\frac{1352+\frac{2704}{2705}}{1353+\frac{2706}{2707}}}{677+\frac{1354+\frac{2708}{2709}}{1355+\frac{2710}{2711}}}}{339+\frac{678+\frac{1356+\frac{2712}{2713}}{1357+\frac{2714}{2715}}}{679+\frac{1358+\frac{2716}{2717}}{1359+\frac{2718}{2719}}}}}}{85+\frac{170+\frac{340+\frac{680+\frac{1360+\frac{2720}{2721}}{1361+\frac{2722}{2723}}}{681+\frac{1362+\frac{2724}{2725}}{1363+\frac{2726}{2727}}}}{341+\frac{682+\frac{1364+\frac{2728}{2729}}{1365+\frac{2730}{2731}}}{683+\frac{1366+\frac{2732}{2733}}{1367+\frac{2734}{2735}}}}}{171+\frac{342+\frac{684+\frac{1368+\frac{2736}{2737}}{1369+\frac{2738}{2739}}}{685+\frac{1370+\frac{2740}{2741}}{1371+\frac{2742}{2743}}}}{343+\frac{686+\frac{1372+\frac{2744}{2745}}{1373+\frac{2746}{2747}}}{687+\frac{1374+\frac{2748}{2749}}{1375+\frac{2750}{2751}}}}}}}{43+\frac{86+\frac{172+\frac{344+\frac{688+\frac{1376+\frac{2752}{2753}}{1377+\frac{2754}{2755}}}{689+\frac{1378+\frac{2756}{2757}}{1379+\frac{2758}{2759}}}}{345+\frac{690+\frac{1380+\frac{2760}{2761}}{1381+\frac{2762}{2763}}}{691+\frac{1382+\frac{2764}{2765}}{1383+\frac{2766}{2767}}}}}{173+\frac{346+\frac{692+\frac{1384+\frac{2768}{2769}}{1385+\frac{2770}{2771}}}{693+\frac{1386+\frac{2772}{2773}}{1387+\frac{2774}{2775}}}}{347+\frac{694+\frac{1388+\frac{2776}{2777}}{1389+\frac{2778}{2779}}}{695+\frac{1390+\frac{2780}{2781}}{1391+\frac{2782}{2783}}}}}}{87+\frac{174+\frac{348+\frac{696+\frac{1392+\frac{2784}{2785}}{1393+\frac{2786}{2787}}}{697+\frac{1394+\frac{2788}{2789}}{1395+\frac{2790}{2791}}}}{349+\frac{698+\frac{1396+\frac{2792}{2793}}{1397+\frac{2794}{2795}}}{699+\frac{1398+\frac{2796}{2797}}{1399+\frac{2798}{2799}}}}}{175+\frac{350+\frac{700+\frac{1400+\frac{2800}{2801}}{1401+\frac{2802}{2803}}}{701+\frac{1402+\frac{2804}{2805}}{1403+\frac{2806}{2807}}}}{351+\frac{702+\frac{1404+\frac{2808}{2809}}{1405+\frac{2810}{2811}}}{703+\frac{1406+\frac{2812}{2813}}{1407+\frac{2814}{2815}}}}}}}}}{11+\frac{22+\frac{44+\frac{88+\frac{176+\frac{352+\frac{704+\frac{1408+\frac{2816}{2817}}{1409+\frac{2818}{2819}}}{705+\frac{1410+\frac{2820}{2821}}{1411+\frac{2822}{2823}}}}{353+\frac{706+\frac{1412+\frac{2824}{2825}}{1413+\frac{2826}{2827}}}{707+\frac{1414+\frac{2828}{2829}}{1415+\frac{2830}{2831}}}}}{177+\frac{354+\frac{708+\frac{1416+\frac{2832}{2833}}{1417+\frac{2834}{2835}}}{709+\frac{1418+\frac{2836}{2837}}{1419+\frac{2838}{2839}}}}{355+\frac{710+\frac{1420+\frac{2840}{2841}}{1421+\frac{2842}{2843}}}{711+\frac{1422+\frac{2844}{2845}}{1423+\frac{2846}{2847}}}}}}{89+\frac{178+\frac{356+\frac{712+\frac{1424+\frac{2848}{2849}}{1425+\frac{2850}{2851}}}{713+\frac{1426+\frac{2852}{2853}}{1427+\frac{2854}{2855}}}}{357+\frac{714+\frac{1428+\frac{2856}{2857}}{1429+\frac{2858}{2859}}}{715+\frac{1430+\frac{2860}{2861}}{1431+\frac{2862}{2863}}}}}{179+\frac{358+\frac{716+\frac{1432+\frac{2864}{2865}}{1433+\frac{2866}{2867}}}{717+\frac{1434+\frac{2868}{2869}}{1435+\frac{2870}{2871}}}}{359+\frac{718+\frac{1436+\frac{2872}{2873}}{1437+\frac{2874}{2875}}}{719+\frac{1438+\frac{2876}{2877}}{1439+\frac{2878}{2879}}}}}}}{45+\frac{90+\frac{180+\frac{360+\frac{720+\frac{1440+\frac{2880}{2881}}{1441+\frac{2882}{2883}}}{721+\frac{1442+\frac{2884}{2885}}{1443+\frac{2886}{2887}}}}{361+\frac{722+\frac{1444+\frac{2888}{2889}}{1445+\frac{2890}{2891}}}{723+\frac{1446+\frac{2892}{2893}}{1447+\frac{2894}{2895}}}}}{181+\frac{362+\frac{724+\frac{1448+\frac{2896}{2897}}{1449+\frac{2898}{2899}}}{725+\frac{1450+\frac{2900}{2901}}{1451+\frac{2902}{2903}}}}{363+\frac{726+\frac{1452+\frac{2904}{2905}}{1453+\frac{2906}{2907}}}{727+\frac{1454+\frac{2908}{2909}}{1455+\frac{2910}{2911}}}}}}{91+\frac{182+\frac{364+\frac{728+\frac{1456+\frac{2912}{2913}}{1457+\frac{2914}{2915}}}{729+\frac{1458+\frac{2916}{2917}}{1459+\frac{2918}{2919}}}}{365+\frac{730+\frac{1460+\frac{2920}{2921}}{1461+\frac{2922}{2923}}}{731+\frac{1462+\frac{2924}{2925}}{1463+\frac{2926}{2927}}}}}{183+\frac{366+\frac{732+\frac{1464+\frac{2928}{2929}}{1465+\frac{2930}{2931}}}{733+\frac{1466+\frac{2932}{2933}}{1467+\frac{2934}{2935}}}}{367+\frac{734+\frac{1468+\frac{2936}{2937}}{1469+\frac{2938}{2939}}}{735+\frac{1470+\frac{2940}{2941}}{1471+\frac{2942}{2943}}}}}}}}{23+\frac{46+\frac{92+\frac{184+\frac{368+\frac{736+\frac{1472+\frac{2944}{2945}}{1473+\frac{2946}{2947}}}{737+\frac{1474+\frac{2948}{2949}}{1475+\frac{2950}{2951}}}}{369+\frac{738+\frac{1476+\frac{2952}{2953}}{1477+\frac{2954}{2955}}}{739+\frac{1478+\frac{2956}{2957}}{1479+\frac{2958}{2959}}}}}{185+\frac{370+\frac{740+\frac{1480+\frac{2960}{2961}}{1481+\frac{2962}{2963}}}{741+\frac{1482+\frac{2964}{2965}}{1483+\frac{2966}{2967}}}}{371+\frac{742+\frac{1484+\frac{2968}{2969}}{1485+\frac{2970}{2971}}}{743+\frac{1486+\frac{2972}{2973}}{1487+\frac{2974}{2975}}}}}}{93+\frac{186+\frac{372+\frac{744+\frac{1488+\frac{2976}{2977}}{1489+\frac{2978}{2979}}}{745+\frac{1490+\frac{2980}{2981}}{1491+\frac{2982}{2983}}}}{373+\frac{746+\frac{1492+\frac{2984}{2985}}{1493+\frac{2986}{2987}}}{747+\frac{1494+\frac{2988}{2989}}{1495+\frac{2990}{2991}}}}}{187+\frac{374+\frac{748+\frac{1496+\frac{2992}{2993}}{1497+\frac{2994}{2995}}}{749+\frac{1498+\frac{2996}{2997}}{1499+\frac{2998}{2999}}}}{375+\frac{750+\frac{1500+\frac{3000}{3001}}{1501+\frac{3002}{3003}}}{751+\frac{1502+\frac{3004}{3005}}{1503+\frac{3006}{3007}}}}}}}{47+\frac{94+\frac{188+\frac{376+\frac{752+\frac{1504+\frac{3008}{3009}}{1505+\frac{3010}{3011}}}{753+\frac{1506+\frac{3012}{3013}}{1507+\frac{3014}{3015}}}}{377+\frac{754+\frac{1508+\frac{3016}{3017}}{1509+\frac{3018}{3019}}}{755+\frac{1510+\frac{3020}{3021}}{1511+\frac{3022}{3023}}}}}{189+\frac{378+\frac{756+\frac{1512+\frac{3024}{3025}}{1513+\frac{3026}{3027}}}{757+\frac{1514+\frac{3028}{3029}}{1515+\frac{3030}{3031}}}}{379+\frac{758+\frac{1516+\frac{3032}{3033}}{1517+\frac{3034}{3035}}}{759+\frac{1518+\frac{3036}{3037}}{1519+\frac{3038}{3039}}}}}}{95+\frac{190+\frac{380+\frac{760+\frac{1520+\frac{3040}{3041}}{1521+\frac{3042}{3043}}}{761+\frac{1522+\frac{3044}{3045}}{1523+\frac{3046}{3047}}}}{381+\frac{762+\frac{1524+\frac{3048}{3049}}{1525+\frac{3050}{3051}}}{763+\frac{1526+\frac{3052}{3053}}{1527+\frac{3054}{3055}}}}}{191+\frac{382+\frac{764+\frac{1528+\frac{3056}{3057}}{1529+\frac{3058}{3059}}}{765+\frac{1530+\frac{3060}{3061}}{1531+\frac{3062}{3063}}}}{383+\frac{766+\frac{1532+\frac{3064}{3065}}{1533+\frac{3066}{3067}}}{767+\frac{1534+\frac{3068}{3069}}{1535+\frac{3070}{3071}}}}}}}}}}}{3+\frac{6+\frac{12+\frac{24+\frac{48+\frac{96+\frac{192+\frac{384+\frac{768+\frac{1536+\frac{3072}{3073}}{1537+\frac{3074}{3075}}}{769+\frac{1538+\frac{3076}{3077}}{1539+\frac{3078}{3079}}}}{385+\frac{770+\frac{1540+\frac{3080}{3081}}{1541+\frac{3082}{3083}}}{771+\frac{1542+\frac{3084}{3085}}{1543+\frac{3086}{3087}}}}}{193+\frac{386+\frac{772+\frac{1544+\frac{3088}{3089}}{1545+\frac{3090}{3091}}}{773+\frac{1546+\frac{3092}{3093}}{1547+\frac{3094}{3095}}}}{387+\frac{774+\frac{1548+\frac{3096}{3097}}{1549+\frac{3098}{3099}}}{775+\frac{1550+\frac{3100}{3101}}{1551+\frac{3102}{3103}}}}}}{97+\frac{194+\frac{388+\frac{776+\frac{1552+\frac{3104}{3105}}{1553+\frac{3106}{3107}}}{777+\frac{1554+\frac{3108}{3109}}{1555+\frac{3110}{3111}}}}{389+\frac{778+\frac{1556+\frac{3112}{3113}}{1557+\frac{3114}{3115}}}{779+\frac{1558+\frac{3116}{3117}}{1559+\frac{3118}{3119}}}}}{195+\frac{390+\frac{780+\frac{1560+\frac{3120}{3121}}{1561+\frac{3122}{3123}}}{781+\frac{1562+\frac{3124}{3125}}{1563+\frac{3126}{3127}}}}{391+\frac{782+\frac{1564+\frac{3128}{3129}}{1565+\frac{3130}{3131}}}{783+\frac{1566+\frac{3132}{3133}}{1567+\frac{3134}{3135}}}}}}}{49+\frac{98+\frac{196+\frac{392+\frac{784+\frac{1568+\frac{3136}{3137}}{1569+\frac{3138}{3139}}}{785+\frac{1570+\frac{3140}{3141}}{1571+\frac{3142}{3143}}}}{393+\frac{786+\frac{1572+\frac{3144}{3145}}{1573+\frac{3146}{3147}}}{787+\frac{1574+\frac{3148}{3149}}{1575+\frac{3150}{3151}}}}}{197+\frac{394+\frac{788+\frac{1576+\frac{3152}{3153}}{1577+\frac{3154}{3155}}}{789+\frac{1578+\frac{3156}{3157}}{1579+\frac{3158}{3159}}}}{395+\frac{790+\frac{1580+\frac{3160}{3161}}{1581+\frac{3162}{3163}}}{791+\frac{1582+\frac{3164}{3165}}{1583+\frac{3166}{3167}}}}}}{99+\frac{198+\frac{396+\frac{792+\frac{1584+\frac{3168}{3169}}{1585+\frac{3170}{3171}}}{793+\frac{1586+\frac{3172}{3173}}{1587+\frac{3174}{3175}}}}{397+\frac{794+\frac{1588+\frac{3176}{3177}}{1589+\frac{3178}{3179}}}{795+\frac{1590+\frac{3180}{3181}}{1591+\frac{3182}{3183}}}}}{199+\frac{398+\frac{796+\frac{1592+\frac{3184}{3185}}{1593+\frac{3186}{3187}}}{797+\frac{1594+\frac{3188}{3189}}{1595+\frac{3190}{3191}}}}{399+\frac{798+\frac{1596+\frac{3192}{3193}}{1597+\frac{3194}{3195}}}{799+\frac{1598+\frac{3196}{3197}}{1599+\frac{3198}{3199}}}}}}}}{25+\frac{50+\frac{100+\frac{200+\frac{400+\frac{800+\frac{1600+\frac{3200}{3201}}{1601+\frac{3202}{3203}}}{801+\frac{1602+\frac{3204}{3205}}{1603+\frac{3206}{3207}}}}{401+\frac{802+\frac{1604+\frac{3208}{3209}}{1605+\frac{3210}{3211}}}{803+\frac{1606+\frac{3212}{3213}}{1607+\frac{3214}{3215}}}}}{201+\frac{402+\frac{804+\frac{1608+\frac{3216}{3217}}{1609+\frac{3218}{3219}}}{805+\frac{1610+\frac{3220}{3221}}{1611+\frac{3222}{3223}}}}{403+\frac{806+\frac{1612+\frac{3224}{3225}}{1613+\frac{3226}{3227}}}{807+\frac{1614+\frac{3228}{3229}}{1615+\frac{3230}{3231}}}}}}{101+\frac{202+\frac{404+\frac{808+\frac{1616+\frac{3232}{3233}}{1617+\frac{3234}{3235}}}{809+\frac{1618+\frac{3236}{3237}}{1619+\frac{3238}{3239}}}}{405+\frac{810+\frac{1620+\frac{3240}{3241}}{1621+\frac{3242}{3243}}}{811+\frac{1622+\frac{3244}{3245}}{1623+\frac{3246}{3247}}}}}{203+\frac{406+\frac{812+\frac{1624+\frac{3248}{3249}}{1625+\frac{3250}{3251}}}{813+\frac{1626+\frac{3252}{3253}}{1627+\frac{3254}{3255}}}}{407+\frac{814+\frac{1628+\frac{3256}{3257}}{1629+\frac{3258}{3259}}}{815+\frac{1630+\frac{3260}{3261}}{1631+\frac{3262}{3263}}}}}}}{51+\frac{102+\frac{204+\frac{408+\frac{816+\frac{1632+\frac{3264}{3265}}{1633+\frac{3266}{3267}}}{817+\frac{1634+\frac{3268}{3269}}{1635+\frac{3270}{3271}}}}{409+\frac{818+\frac{1636+\frac{3272}{3273}}{1637+\frac{3274}{3275}}}{819+\frac{1638+\frac{3276}{3277}}{1639+\frac{3278}{3279}}}}}{205+\frac{410+\frac{820+\frac{1640+\frac{3280}{3281}}{1641+\frac{3282}{3283}}}{821+\frac{1642+\frac{3284}{3285}}{1643+\frac{3286}{3287}}}}{411+\frac{822+\frac{1644+\frac{3288}{3289}}{1645+\frac{3290}{3291}}}{823+\frac{1646+\frac{3292}{3293}}{1647+\frac{3294}{3295}}}}}}{103+\frac{206+\frac{412+\frac{824+\frac{1648+\frac{3296}{3297}}{1649+\frac{3298}{3299}}}{825+\frac{1650+\frac{3300}{3301}}{1651+\frac{3302}{3303}}}}{413+\frac{826+\frac{1652+\frac{3304}{3305}}{1653+\frac{3306}{3307}}}{827+\frac{1654+\frac{3308}{3309}}{1655+\frac{3310}{3311}}}}}{207+\frac{414+\frac{828+\frac{1656+\frac{3312}{3313}}{1657+\frac{3314}{3315}}}{829+\frac{1658+\frac{3316}{3317}}{1659+\frac{3318}{3319}}}}{415+\frac{830+\frac{1660+\frac{3320}{3321}}{1661+\frac{3322}{3323}}}{831+\frac{1662+\frac{3324}{3325}}{1663+\frac{3326}{3327}}}}}}}}}{13+\frac{26+\frac{52+\frac{104+\frac{208+\frac{416+\frac{832+\frac{1664+\frac{3328}{3329}}{1665+\frac{3330}{3331}}}{833+\frac{1666+\frac{3332}{3333}}{1667+\frac{3334}{3335}}}}{417+\frac{834+\frac{1668+\frac{3336}{3337}}{1669+\frac{3338}{3339}}}{835+\frac{1670+\frac{3340}{3341}}{1671+\frac{3342}{3343}}}}}{209+\frac{418+\frac{836+\frac{1672+\frac{3344}{3345}}{1673+\frac{3346}{3347}}}{837+\frac{1674+\frac{3348}{3349}}{1675+\frac{3350}{3351}}}}{419+\frac{838+\frac{1676+\frac{3352}{3353}}{1677+\frac{3354}{3355}}}{839+\frac{1678+\frac{3356}{3357}}{1679+\frac{3358}{3359}}}}}}{105+\frac{210+\frac{420+\frac{840+\frac{1680+\frac{3360}{3361}}{1681+\frac{3362}{3363}}}{841+\frac{1682+\frac{3364}{3365}}{1683+\frac{3366}{3367}}}}{421+\frac{842+\frac{1684+\frac{3368}{3369}}{1685+\frac{3370}{3371}}}{843+\frac{1686+\frac{3372}{3373}}{1687+\frac{3374}{3375}}}}}{211+\frac{422+\frac{844+\frac{1688+\frac{3376}{3377}}{1689+\frac{3378}{3379}}}{845+\frac{1690+\frac{3380}{3381}}{1691+\frac{3382}{3383}}}}{423+\frac{846+\frac{1692+\frac{3384}{3385}}{1693+\frac{3386}{3387}}}{847+\frac{1694+\frac{3388}{3389}}{1695+\frac{3390}{3391}}}}}}}{53+\frac{106+\frac{212+\frac{424+\frac{848+\frac{1696+\frac{3392}{3393}}{1697+\frac{3394}{3395}}}{849+\frac{1698+\frac{3396}{3397}}{1699+\frac{3398}{3399}}}}{425+\frac{850+\frac{1700+\frac{3400}{3401}}{1701+\frac{3402}{3403}}}{851+\frac{1702+\frac{3404}{3405}}{1703+\frac{3406}{3407}}}}}{213+\frac{426+\frac{852+\frac{1704+\frac{3408}{3409}}{1705+\frac{3410}{3411}}}{853+\frac{1706+\frac{3412}{3413}}{1707+\frac{3414}{3415}}}}{427+\frac{854+\frac{1708+\frac{3416}{3417}}{1709+\frac{3418}{3419}}}{855+\frac{1710+\frac{3420}{3421}}{1711+\frac{3422}{3423}}}}}}{107+\frac{214+\frac{428+\frac{856+\frac{1712+\frac{3424}{3425}}{1713+\frac{3426}{3427}}}{857+\frac{1714+\frac{3428}{3429}}{1715+\frac{3430}{3431}}}}{429+\frac{858+\frac{1716+\frac{3432}{3433}}{1717+\frac{3434}{3435}}}{859+\frac{1718+\frac{3436}{3437}}{1719+\frac{3438}{3439}}}}}{215+\frac{430+\frac{860+\frac{1720+\frac{3440}{3441}}{1721+\frac{3442}{3443}}}{861+\frac{1722+\frac{3444}{3445}}{1723+\frac{3446}{3447}}}}{431+\frac{862+\frac{1724+\frac{3448}{3449}}{1725+\frac{3450}{3451}}}{863+\frac{1726+\frac{3452}{3453}}{1727+\frac{3454}{3455}}}}}}}}{27+\frac{54+\frac{108+\frac{216+\frac{432+\frac{864+\frac{1728+\frac{3456}{3457}}{1729+\frac{3458}{3459}}}{865+\frac{1730+\frac{3460}{3461}}{1731+\frac{3462}{3463}}}}{433+\frac{866+\frac{1732+\frac{3464}{3465}}{1733+\frac{3466}{3467}}}{867+\frac{1734+\frac{3468}{3469}}{1735+\frac{3470}{3471}}}}}{217+\frac{434+\frac{868+\frac{1736+\frac{3472}{3473}}{1737+\frac{3474}{3475}}}{869+\frac{1738+\frac{3476}{3477}}{1739+\frac{3478}{3479}}}}{435+\frac{870+\frac{1740+\frac{3480}{3481}}{1741+\frac{3482}{3483}}}{871+\frac{1742+\frac{3484}{3485}}{1743+\frac{3486}{3487}}}}}}{109+\frac{218+\frac{436+\frac{872+\frac{1744+\frac{3488}{3489}}{1745+\frac{3490}{3491}}}{873+\frac{1746+\frac{3492}{3493}}{1747+\frac{3494}{3495}}}}{437+\frac{874+\frac{1748+\frac{3496}{3497}}{1749+\frac{3498}{3499}}}{875+\frac{1750+\frac{3500}{3501}}{1751+\frac{3502}{3503}}}}}{219+\frac{438+\frac{876+\frac{1752+\frac{3504}{3505}}{1753+\frac{3506}{3507}}}{877+\frac{1754+\frac{3508}{3509}}{1755+\frac{3510}{3511}}}}{439+\frac{878+\frac{1756+\frac{3512}{3513}}{1757+\frac{3514}{3515}}}{879+\frac{1758+\frac{3516}{3517}}{1759+\frac{3518}{3519}}}}}}}{55+\frac{110+\frac{220+\frac{440+\frac{880+\frac{1760+\frac{3520}{3521}}{1761+\frac{3522}{3523}}}{881+\frac{1762+\frac{3524}{3525}}{1763+\frac{3526}{3527}}}}{441+\frac{882+\frac{1764+\frac{3528}{3529}}{1765+\frac{3530}{3531}}}{883+\frac{1766+\frac{3532}{3533}}{1767+\frac{3534}{3535}}}}}{221+\frac{442+\frac{884+\frac{1768+\frac{3536}{3537}}{1769+\frac{3538}{3539}}}{885+\frac{1770+\frac{3540}{3541}}{1771+\frac{3542}{3543}}}}{443+\frac{886+\frac{1772+\frac{3544}{3545}}{1773+\frac{3546}{3547}}}{887+\frac{1774+\frac{3548}{3549}}{1775+\frac{3550}{3551}}}}}}{111+\frac{222+\frac{444+\frac{888+\frac{1776+\frac{3552}{3553}}{1777+\frac{3554}{3555}}}{889+\frac{1778+\frac{3556}{3557}}{1779+\frac{3558}{3559}}}}{445+\frac{890+\frac{1780+\frac{3560}{3561}}{1781+\frac{3562}{3563}}}{891+\frac{1782+\frac{3564}{3565}}{1783+\frac{3566}{3567}}}}}{223+\frac{446+\frac{892+\frac{1784+\frac{3568}{3569}}{1785+\frac{3570}{3571}}}{893+\frac{1786+\frac{3572}{3573}}{1787+\frac{3574}{3575}}}}{447+\frac{894+\frac{1788+\frac{3576}{3577}}{1789+\frac{3578}{3579}}}{895+\frac{1790+\frac{3580}{3581}}{1791+\frac{3582}{3583}}}}}}}}}}{7+\frac{14+\frac{28+\frac{56+\frac{112+\frac{224+\frac{448+\frac{896+\frac{1792+\frac{3584}{3585}}{1793+\frac{3586}{3587}}}{897+\frac{1794+\frac{3588}{3589}}{1795+\frac{3590}{3591}}}}{449+\frac{898+\frac{1796+\frac{3592}{3593}}{1797+\frac{3594}{3595}}}{899+\frac{1798+\frac{3596}{3597}}{1799+\frac{3598}{3599}}}}}{225+\frac{450+\frac{900+\frac{1800+\frac{3600}{3601}}{1801+\frac{3602}{3603}}}{901+\frac{1802+\frac{3604}{3605}}{1803+\frac{3606}{3607}}}}{451+\frac{902+\frac{1804+\frac{3608}{3609}}{1805+\frac{3610}{3611}}}{903+\frac{1806+\frac{3612}{3613}}{1807+\frac{3614}{3615}}}}}}{113+\frac{226+\frac{452+\frac{904+\frac{1808+\frac{3616}{3617}}{1809+\frac{3618}{3619}}}{905+\frac{1810+\frac{3620}{3621}}{1811+\frac{3622}{3623}}}}{453+\frac{906+\frac{1812+\frac{3624}{3625}}{1813+\frac{3626}{3627}}}{907+\frac{1814+\frac{3628}{3629}}{1815+\frac{3630}{3631}}}}}{227+\frac{454+\frac{908+\frac{1816+\frac{3632}{3633}}{1817+\frac{3634}{3635}}}{909+\frac{1818+\frac{3636}{3637}}{1819+\frac{3638}{3639}}}}{455+\frac{910+\frac{1820+\frac{3640}{3641}}{1821+\frac{3642}{3643}}}{911+\frac{1822+\frac{3644}{3645}}{1823+\frac{3646}{3647}}}}}}}{57+\frac{114+\frac{228+\frac{456+\frac{912+\frac{1824+\frac{3648}{3649}}{1825+\frac{3650}{3651}}}{913+\frac{1826+\frac{3652}{3653}}{1827+\frac{3654}{3655}}}}{457+\frac{914+\frac{1828+\frac{3656}{3657}}{1829+\frac{3658}{3659}}}{915+\frac{1830+\frac{3660}{3661}}{1831+\frac{3662}{3663}}}}}{229+\frac{458+\frac{916+\frac{1832+\frac{3664}{3665}}{1833+\frac{3666}{3667}}}{917+\frac{1834+\frac{3668}{3669}}{1835+\frac{3670}{3671}}}}{459+\frac{918+\frac{1836+\frac{3672}{3673}}{1837+\frac{3674}{3675}}}{919+\frac{1838+\frac{3676}{3677}}{1839+\frac{3678}{3679}}}}}}{115+\frac{230+\frac{460+\frac{920+\frac{1840+\frac{3680}{3681}}{1841+\frac{3682}{3683}}}{921+\frac{1842+\frac{3684}{3685}}{1843+\frac{3686}{3687}}}}{461+\frac{922+\frac{1844+\frac{3688}{3689}}{1845+\frac{3690}{3691}}}{923+\frac{1846+\frac{3692}{3693}}{1847+\frac{3694}{3695}}}}}{231+\frac{462+\frac{924+\frac{1848+\frac{3696}{3697}}{1849+\frac{3698}{3699}}}{925+\frac{1850+\frac{3700}{3701}}{1851+\frac{3702}{3703}}}}{463+\frac{926+\frac{1852+\frac{3704}{3705}}{1853+\frac{3706}{3707}}}{927+\frac{1854+\frac{3708}{3709}}{1855+\frac{3710}{3711}}}}}}}}{29+\frac{58+\frac{116+\frac{232+\frac{464+\frac{928+\frac{1856+\frac{3712}{3713}}{1857+\frac{3714}{3715}}}{929+\frac{1858+\frac{3716}{3717}}{1859+\frac{3718}{3719}}}}{465+\frac{930+\frac{1860+\frac{3720}{3721}}{1861+\frac{3722}{3723}}}{931+\frac{1862+\frac{3724}{3725}}{1863+\frac{3726}{3727}}}}}{233+\frac{466+\frac{932+\frac{1864+\frac{3728}{3729}}{1865+\frac{3730}{3731}}}{933+\frac{1866+\frac{3732}{3733}}{1867+\frac{3734}{3735}}}}{467+\frac{934+\frac{1868+\frac{3736}{3737}}{1869+\frac{3738}{3739}}}{935+\frac{1870+\frac{3740}{3741}}{1871+\frac{3742}{3743}}}}}}{117+\frac{234+\frac{468+\frac{936+\frac{1872+\frac{3744}{3745}}{1873+\frac{3746}{3747}}}{937+\frac{1874+\frac{3748}{3749}}{1875+\frac{3750}{3751}}}}{469+\frac{938+\frac{1876+\frac{3752}{3753}}{1877+\frac{3754}{3755}}}{939+\frac{1878+\frac{3756}{3757}}{1879+\frac{3758}{3759}}}}}{235+\frac{470+\frac{940+\frac{1880+\frac{3760}{3761}}{1881+\frac{3762}{3763}}}{941+\frac{1882+\frac{3764}{3765}}{1883+\frac{3766}{3767}}}}{471+\frac{942+\frac{1884+\frac{3768}{3769}}{1885+\frac{3770}{3771}}}{943+\frac{1886+\frac{3772}{3773}}{1887+\frac{3774}{3775}}}}}}}{59+\frac{118+\frac{236+\frac{472+\frac{944+\frac{1888+\frac{3776}{3777}}{1889+\frac{3778}{3779}}}{945+\frac{1890+\frac{3780}{3781}}{1891+\frac{3782}{3783}}}}{473+\frac{946+\frac{1892+\frac{3784}{3785}}{1893+\frac{3786}{3787}}}{947+\frac{1894+\frac{3788}{3789}}{1895+\frac{3790}{3791}}}}}{237+\frac{474+\frac{948+\frac{1896+\frac{3792}{3793}}{1897+\frac{3794}{3795}}}{949+\frac{1898+\frac{3796}{3797}}{1899+\frac{3798}{3799}}}}{475+\frac{950+\frac{1900+\frac{3800}{3801}}{1901+\frac{3802}{3803}}}{951+\frac{1902+\frac{3804}{3805}}{1903+\frac{3806}{3807}}}}}}{119+\frac{238+\frac{476+\frac{952+\frac{1904+\frac{3808}{3809}}{1905+\frac{3810}{3811}}}{953+\frac{1906+\frac{3812}{3813}}{1907+\frac{3814}{3815}}}}{477+\frac{954+\frac{1908+\frac{3816}{3817}}{1909+\frac{3818}{3819}}}{955+\frac{1910+\frac{3820}{3821}}{1911+\frac{3822}{3823}}}}}{239+\frac{478+\frac{956+\frac{1912+\frac{3824}{3825}}{1913+\frac{3826}{3827}}}{957+\frac{1914+\frac{3828}{3829}}{1915+\frac{3830}{3831}}}}{479+\frac{958+\frac{1916+\frac{3832}{3833}}{1917+\frac{3834}{3835}}}{959+\frac{1918+\frac{3836}{3837}}{1919+\frac{3838}{3839}}}}}}}}}{15+\frac{30+\frac{60+\frac{120+\frac{240+\frac{480+\frac{960+\frac{1920+\frac{3840}{3841}}{1921+\frac{3842}{3843}}}{961+\frac{1922+\frac{3844}{3845}}{1923+\frac{3846}{3847}}}}{481+\frac{962+\frac{1924+\frac{3848}{3849}}{1925+\frac{3850}{3851}}}{963+\frac{1926+\frac{3852}{3853}}{1927+\frac{3854}{3855}}}}}{241+\frac{482+\frac{964+\frac{1928+\frac{3856}{3857}}{1929+\frac{3858}{3859}}}{965+\frac{1930+\frac{3860}{3861}}{1931+\frac{3862}{3863}}}}{483+\frac{966+\frac{1932+\frac{3864}{3865}}{1933+\frac{3866}{3867}}}{967+\frac{1934+\frac{3868}{3869}}{1935+\frac{3870}{3871}}}}}}{121+\frac{242+\frac{484+\frac{968+\frac{1936+\frac{3872}{3873}}{1937+\frac{3874}{3875}}}{969+\frac{1938+\frac{3876}{3877}}{1939+\frac{3878}{3879}}}}{485+\frac{970+\frac{1940+\frac{3880}{3881}}{1941+\frac{3882}{3883}}}{971+\frac{1942+\frac{3884}{3885}}{1943+\frac{3886}{3887}}}}}{243+\frac{486+\frac{972+\frac{1944+\frac{3888}{3889}}{1945+\frac{3890}{3891}}}{973+\frac{1946+\frac{3892}{3893}}{1947+\frac{3894}{3895}}}}{487+\frac{974+\frac{1948+\frac{3896}{3897}}{1949+\frac{3898}{3899}}}{975+\frac{1950+\frac{3900}{3901}}{1951+\frac{3902}{3903}}}}}}}{61+\frac{122+\frac{244+\frac{488+\frac{976+\frac{1952+\frac{3904}{3905}}{1953+\frac{3906}{3907}}}{977+\frac{1954+\frac{3908}{3909}}{1955+\frac{3910}{3911}}}}{489+\frac{978+\frac{1956+\frac{3912}{3913}}{1957+\frac{3914}{3915}}}{979+\frac{1958+\frac{3916}{3917}}{1959+\frac{3918}{3919}}}}}{245+\frac{490+\frac{980+\frac{1960+\frac{3920}{3921}}{1961+\frac{3922}{3923}}}{981+\frac{1962+\frac{3924}{3925}}{1963+\frac{3926}{3927}}}}{491+\frac{982+\frac{1964+\frac{3928}{3929}}{1965+\frac{3930}{3931}}}{983+\frac{1966+\frac{3932}{3933}}{1967+\frac{3934}{3935}}}}}}{123+\frac{246+\frac{492+\frac{984+\frac{1968+\frac{3936}{3937}}{1969+\frac{3938}{3939}}}{985+\frac{1970+\frac{3940}{3941}}{1971+\frac{3942}{3943}}}}{493+\frac{986+\frac{1972+\frac{3944}{3945}}{1973+\frac{3946}{3947}}}{987+\frac{1974+\frac{3948}{3949}}{1975+\frac{3950}{3951}}}}}{247+\frac{494+\frac{988+\frac{1976+\frac{3952}{3953}}{1977+\frac{3954}{3955}}}{989+\frac{1978+\frac{3956}{3957}}{1979+\frac{3958}{3959}}}}{495+\frac{990+\frac{1980+\frac{3960}{3961}}{1981+\frac{3962}{3963}}}{991+\frac{1982+\frac{3964}{3965}}{1983+\frac{3966}{3967}}}}}}}}{31+\frac{62+\frac{124+\frac{248+\frac{496+\frac{992+\frac{1984+\frac{3968}{3969}}{1985+\frac{3970}{3971}}}{993+\frac{1986+\frac{3972}{3973}}{1987+\frac{3974}{3975}}}}{497+\frac{994+\frac{1988+\frac{3976}{3977}}{1989+\frac{3978}{3979}}}{995+\frac{1990+\frac{3980}{3981}}{1991+\frac{3982}{3983}}}}}{249+\frac{498+\frac{996+\frac{1992+\frac{3984}{3985}}{1993+\frac{3986}{3987}}}{997+\frac{1994+\frac{3988}{3989}}{1995+\frac{3990}{3991}}}}{499+\frac{998+\frac{1996+\frac{3992}{3993}}{1997+\frac{3994}{3995}}}{999+\frac{1998+\frac{3996}{3997}}{1999+\frac{3998}{3999}}}}}}{125+\frac{250+\frac{500+\frac{1000+\frac{2000+\frac{4000}{4001}}{2001+\frac{4002}{4003}}}{1001+\frac{2002+\frac{4004}{4005}}{2003+\frac{4006}{4007}}}}{501+\frac{1002+\frac{2004+\frac{4008}{4009}}{2005+\frac{4010}{4011}}}{1003+\frac{2006+\frac{4012}{4013}}{2007+\frac{4014}{4015}}}}}{251+\frac{502+\frac{1004+\frac{2008+\frac{4016}{4017}}{2009+\frac{4018}{4019}}}{1005+\frac{2010+\frac{4020}{4021}}{2011+\frac{4022}{4023}}}}{503+\frac{1006+\frac{2012+\frac{4024}{4025}}{2013+\frac{4026}{4027}}}{1007+\frac{2014+\frac{4028}{4029}}{2015+\frac{4030}{4031}}}}}}}{63+\frac{126+\frac{252+\frac{504+\frac{1008+\frac{2016+\frac{4032}{4033}}{2017+\frac{4034}{4035}}}{1009+\frac{2018+\frac{4036}{4037}}{2019+\frac{4038}{4039}}}}{505+\frac{1010+\frac{2020+\frac{4040}{4041}}{2021+\frac{4042}{4043}}}{1011+\frac{2022+\frac{4044}{4045}}{2023+\frac{4046}{4047}}}}}{253+\frac{506+\frac{1012+\frac{2024+\frac{4048}{4049}}{2025+\frac{4050}{4051}}}{1013+\frac{2026+\frac{4052}{4053}}{2027+\frac{4054}{4055}}}}{507+\frac{1014+\frac{2028+\frac{4056}{4057}}{2029+\frac{4058}{4059}}}{1015+\frac{2030+\frac{4060}{4061}}{2031+\frac{4062}{4063}}}}}}{127+\frac{254+\frac{508+\frac{1016+\frac{2032+\frac{4064}{4065}}{2033+\frac{4066}{4067}}}{1017+\frac{2034+\frac{4068}{4069}}{2035+\frac{4070}{4071}}}}{509+\frac{1018+\frac{2036+\frac{4072}{4073}}{2037+\frac{4074}{4075}}}{1019+\frac{2038+\frac{4076}{4077}}{2039+\frac{4078}{4079}}}}}{255+\frac{510+\frac{1020+\frac{2040+\frac{4080}{4081}}{2041+\frac{4082}{4083}}}{1021+\frac{2042+\frac{4084}{4085}}{2043+\frac{4086}{4087}}}}{511+\frac{1022+\frac{2044+\frac{4088}{4089}}{2045+\frac{4090}{4091}}}{1023+\frac{2046+\frac{4092}{4093}}{2047+\frac{4094}{4095}}}}}}}}}}}