Paria sits at table 1
Amir Hossein sits at table 1
Parsa sits at table 1
Mehrad sits at table 1
Table ID: 1
People at the table: Amir Hossein, Mehrad, Paria, Parsa
Table remaining capacity: 0
Waiting queue length: 0
Bob enters the waiting queue of table 1
