1+\frac{2+\frac{4+\frac{8+\frac{16+\frac{32+\frac{64+\frac{128}{129}}{65+\frac{130}{131}}}{33+\frac{66+\frac{132}{133}}{67+\frac{134}{135}}}}{17+\frac{34+\frac{68+\frac{136}{137}}{69+\frac{138}{139}}}{35+\frac{70+\frac{140}{141}}{71+\frac{142}{143}}}}}{9+\frac{18+\frac{36+\frac{72+\frac{144}{145}}{73+\frac{146}{147}}}{37+\frac{74+\frac{148}{149}}{75+\frac{150}{151}}}}{19+\frac{38+\frac{76+\frac{152}{153}}{77+\frac{154}{155}}}{39+\frac{78+\frac{156}{157}}{79+\frac{158}{159}}}}}}{5+\frac{10+\frac{20+\frac{40+\frac{80+\frac{160}{161}}{81+\frac{162}{163}}}{41+\frac{82+\frac{164}{165}}{83+\frac{166}{167}}}}{21+\frac{42+\frac{84+\frac{168}{169}}{85+\frac{170}{171}}}{43+\frac{86+\frac{172}{173}}{87+\frac{174}{175}}}}}{11+\frac{22+\frac{44+\frac{88+\frac{176}{177}}{89+\frac{178}{179}}}{45+\frac{90+\frac{180}{181}}{91+\frac{182}{183}}}}{23+\frac{46+\frac{92+\frac{184}{185}}{93+\frac{186}{187}}}{47+\frac{94+\frac{188}{189}}{95+\frac{190}{191}}}}}}}{3+\frac{6+\frac{12+\frac{24+\frac{48+\frac{96+\frac{192}{193}}{97+\frac{194}{195}}}{49+\frac{98+\frac{196}{197}}{99+\frac{198}{199}}}}{25+\frac{50+\frac{100+\frac{200}{201}}{101+\frac{202}{203}}}{51+\frac{102+\frac{204}{205}}{103+\frac{206}{207}}}}}{13+\frac{26+\frac{52+\frac{104+\frac{208}{209}}{105+\frac{210}{211}}}{53+\frac{106+\frac{212}{213}}{107+\frac{214}{215}}}}{27+\frac{54+\frac{108+\frac{216}{217}}{109+\frac{218}{219}}}{55+\frac{110+\frac{220}{221}}{111+\frac{222}{223}}}}}}{7+\frac{14+\frac{28+\frac{56+\frac{112+\frac{224}{225}}{113+\frac{226}{227}}}{57+\frac{114+\frac{228}{229}}{115+\frac{230}{231}}}}{29+\frac{58+\frac{116+\frac{232}{233}}{117+\frac{234}{235}}}{59+\frac{118+\frac{236}{237}}{119+\frac{238}{239}}}}}{15+\frac{30+\frac{60+\frac{120+\frac{240}{241}}{121+\frac{242}{243}}}{61+\frac{122+\frac{244}{245}}{123+\frac{246}{247}}}}{31+\frac{62+\frac{124+\frac{248}{249}}{125+\frac{250}{251}}}{63+\frac{126+\frac{252}{253}}{127+\frac{254}{255}}}}}}}