misagh has done 0 tasks.
misagh is currently not working on any tasks.
